// Jest Snapshot v1, https://goo.gl/fbAQLP

exports[`button.test.js <Button /> should match the snapshot 1`] = `
<button
  className="sc-bdVaJa kktxWd"
>
  Snapshot Test
</button>
`;
