// Jest Snapshot v1, https://goo.gl/fbAQLP

exports[`textinput.test.js <TextInput /> should match the snapshot 1`] = `
<input
  className="sc-bdVaJa gjZuiT"
/>
`;
