// Jest Snapshot v1, https://goo.gl/fbAQLP

exports[`loading.test.js <Loading /> should match the snapshot 1`] = `
<div
  className="sc-bdVaJa fJXfGw"
>
  Snapshot Test
</div>
`;
